[    0.000000] Linux version 4.15.0-212-generic (buildd@lcy02-amd64-083) (gcc version 7.5.0 (Ubuntu 7.5.0-3ubuntu1~18.04)) #223-Ubuntu SMP Tue May 23 13:09:22 UTC 2023 (Ubuntu 4.15.0-212.223-generic 4.15.18)
[    0.000000] Command line: BOOT_IMAGE=/boot/vmlinuz-4.15.0-212-generic root=LABEL=cloudimg-rootfs ro console=tty1 console=ttyS0
[    0.000000] KERNEL supported cpus:
[    0.000000]   Intel GenuineIntel
[    0.000000]   AMD AuthenticAMD
[    0.000000]   Centaur CentaurHauls
[    0.000000] x86/fpu: Supporting XSAVE feature 0x001: 'x87 floating point registers'
[    0.000000] x86/fpu: Supporting XSAVE feature 0x002: 'SSE registers'
[    0.000000] x86/fpu: Supporting XSAVE feature 0x004: 'AVX registers'
[    0.000000] x86/fpu: xstate_offset[2]:  576, xstate_sizes[2]:  256
[    0.000000] x86/fpu: Enabled xstate features 0x7, context size is 832 bytes, using 'standard' format.
[    0.000000] e820: BIOS-provided physical RAM map:
[    0.000000] BIOS-e820: [mem 0x0000000000000000-0x000000000009fbff] usable
[    0.000000] BIOS-e820: [mem 0x000000000009fc00-0x000000000009ffff] reserved
[    0.000000] BIOS-e820: [mem 0x00000000000f0000-0x00000000000fffff] reserved
[    0.000000] BIOS-e820: [mem 0x0000000000100000-0x00000000dffeffff] usable
[    0.000000] BIOS-e820: [mem 0x00000000dfff0000-0x00000000dfffffff] ACPI data
[    0.000000] BIOS-e820: [mem 0x00000000fec00000-0x00000000fec00fff] reserved
[    0.000000] BIOS-e820: [mem 0x00000000fee00000-0x00000000fee00fff] reserved
[    0.000000] BIOS-e820: [mem 0x00000000fffc0000-0x00000000ffffffff] reserved
[    0.000000] BIOS-e820: [mem 0x0000000100000000-0x000000011fffffff] usable
[    0.000000] NX (Execute Disable) protection: active
[    0.000000] SMBIOS 2.5 present.
[    0.000000] DMI: innotek GmbH VirtualBox/VirtualBox, BIOS VirtualBox 12/01/2006
[    0.000000] Hypervisor detected: KVM
[    0.000000] e820: last_pfn = 0x120000 max_arch_pfn = 0x400000000
[    0.000000] x86/PAT: Configuration [0-7]: WB  WC  UC- UC  WB  WP  UC- WT  
[    0.000000] total RAM covered: 4096M
[    0.000000] Found optimal setting for mtrr clean up
[    0.000000]  gran_size: 64K 	chunk_size: 1G 	num_reg: 3  	lose cover RAM: 0G
[    0.000000] e820: last_pfn = 0xdfff0 max_arch_pfn = 0x400000000
[    0.000000] found SMP MP-table at [mem 0x0009fff0-0x0009ffff]
[    0.000000] Scanning 1 areas for low memory corruption
[    0.000000] RAMDISK: [mem 0x359cb000-0x36cdcfff]
[    0.000000] ACPI: Early table checksum verification disabled
[    0.000000] ACPI: RSDP 0x00000000000E0000 000024 (v02 VBOX  )
[    0.000000] ACPI: XSDT 0x00000000DFFF0030 00003C (v01 VBOX   VBOXXSDT 00000001 ASL  00000061)
[    0.000000] ACPI: FACP 0x00000000DFFF00F0 0000F4 (v04 VBOX   VBOXFACP 00000001 ASL  00000061)
[    0.000000] ACPI: DSDT 0x00000000DFFF0610 002353 (v02 VBOX   VBOXBIOS 00000002 INTL 20100528)
[    0.000000] ACPI: FACS 0x00000000DFFF0200 000040
[    0.000000] ACPI: FACS 0x00000000DFFF0200 000040
[    0.000000] ACPI: APIC 0x00000000DFFF0240 00005C (v02 VBOX   VBOXAPIC 00000001 ASL  00000061)
[    0.000000] ACPI: SSDT 0x00000000DFFF02A0 00036C (v01 VBOX   VBOXCPUT 00000002 INTL 20100528)
[    0.000000] ACPI: Reserving FACP table memory at [mem 0xdfff00f0-0xdfff01e3]
[    0.000000] ACPI: Reserving DSDT table memory at [mem 0xdfff0610-0xdfff2962]
[    0.000000] ACPI: Reserving FACS table memory at [mem 0xdfff0200-0xdfff023f]
[    0.000000] ACPI: Reserving FACS table memory at [mem 0xdfff0200-0xdfff023f]
[    0.000000] ACPI: Reserving APIC table memory at [mem 0xdfff0240-0xdfff029b]
[    0.000000] ACPI: Reserving SSDT table memory at [mem 0xdfff02a0-0xdfff060b]
[    0.000000] No NUMA configuration found
[    0.000000] Faking a node at [mem 0x0000000000000000-0x000000011fffffff]
[    0.000000] NODE_DATA(0) allocated [mem 0x11ffd5000-0x11fffffff]
[    0.000000] kvm-clock: cpu 0, msr 1:1ff54001, primary cpu clock
[    0.000000] kvm-clock: Using msrs 4b564d01 and 4b564d00
[    0.000000] kvm-clock: using sched offset of 3123435008 cycles
[    0.000000] clocksource: kvm-clock: mask: 0xffffffffffffffff max_cycles: 0x1cd42e4dffb, max_idle_ns: 881590591483 ns
[    0.000000] Zone ranges:
[    0.000000]   DMA      [mem 0x0000000000001000-0x0000000000ffffff]
[    0.000000]   DMA32    [mem 0x0000000001000000-0x00000000ffffffff]
[    0.000000]   Normal   [mem 0x0000000100000000-0x000000011fffffff]
[    0.000000]   Device   empty
[    0.000000] Movable zone start for each node
[    0.000000] Early memory node ranges
[    0.000000]   node   0: [mem 0x0000000000001000-0x000000000009efff]
[    0.000000]   node   0: [mem 0x0000000000100000-0x00000000dffeffff]
[    0.000000]   node   0: [mem 0x0000000100000000-0x000000011fffffff]
[    0.000000] Reserved but unavailable: 104 pages
[    0.000000] Initmem setup node 0 [mem 0x0000000000001000-0x000000011fffffff]
[    0.000000] ACPI: PM-Timer IO Port: 0x4008
[    0.000000] IOAPIC[0]: apic_id 2, version 32, address 0xfec00000, GSI 0-23
[    0.000000] ACPI: INT_SRC_OVR (bus 0 bus_irq 0 global_irq 2 dfl dfl)
[    0.000000] ACPI: INT_SRC_OVR (bus 0 bus_irq 9 global_irq 9 low level)
[    0.000000] Using ACPI (MADT) for SMP configuration information
[    0.000000] smpboot: Allowing 2 CPUs, 0 hotplug CPUs
[    0.000000] PM: Registered nosave memory: [mem 0x00000000-0x00000fff]
[    0.000000] PM: Registered nosave memory: [mem 0x0009f000-0x0009ffff]
[    0.000000] PM: Registered nosave memory: [mem 0x000a0000-0x000effff]
[    0.000000] PM: Registered nosave memory: [mem 0x000f0000-0x000fffff]
[    0.000000] PM: Registered nosave memory: [mem 0xdfff0000-0xdfffffff]
[    0.000000] PM: Registered nosave memory: [mem 0xe0000000-0xfebfffff]
[    0.000000] PM: Registered nosave memory: [mem 0xfec00000-0xfec00fff]
[    0.000000] PM: Registered nosave memory: [mem 0xfec01000-0xfedfffff]
[    0.000000] PM: Registered nosave memory: [mem 0xfee00000-0xfee00fff]
[    0.000000] PM: Registered nosave memory: [mem 0xfee01000-0xfffbffff]
[    0.000000] PM: Registered nosave memory: [mem 0xfffc0000-0xffffffff]
[    0.000000] e820: [mem 0xe0000000-0xfebfffff] available for PCI devices
[    0.000000] Booting paravirtualized kernel on KVM
[    0.000000] clocksource: refined-jiffies: mask: 0xffffffff max_cycles: 0xffffffff, max_idle_ns: 7645519600211568 ns
[    0.000000] setup_percpu: NR_CPUS:8192 nr_cpumask_bits:2 nr_cpu_ids:2 nr_node_ids:1
[    0.000000] percpu: Embedded 50 pages/cpu s167936 r8192 d28672 u1048576
[    0.000000] PV qspinlock hash table entries: 256 (order: 0, 4096 bytes)
[    0.000000] Built 1 zonelists, mobility grouping on.  Total pages: 1032057
[    0.000000] Policy zone: Normal
[    0.000000] Kernel command line: BOOT_IMAGE=/boot/vmlinuz-4.15.0-212-generic root=LABEL=cloudimg-rootfs ro console=tty1 console=ttyS0
[    0.000000] Memory: 4013268K/4193848K available (12300K kernel code, 2477K rwdata, 4324K rodata, 2480K init, 2720K bss, 180580K reserved, 0K cma-reserved)
[    0.000000] SLUB: HWalign=64, Order=0-3, MinObjects=0, CPUs=2, Nodes=1
[    0.000000] Kernel/User page tables isolation: enabled
[    0.000000] ftrace: allocating 39508 entries in 155 pages
[    0.004000] Hierarchical RCU implementation.
[    0.004000] 	RCU restricting CPUs from NR_CPUS=8192 to nr_cpu_ids=2.
[    0.004000] 	Tasks RCU enabled.
[    0.004000] RCU: Adjusting geometry for rcu_fanout_leaf=16, nr_cpu_ids=2
[    0.004000] NR_IRQS: 524544, nr_irqs: 440, preallocated irqs: 16
[    0.004000] random: crng init done
[    0.004000] Console: colour VGA+ 80x25
[    0.004000] console [tty1] enabled
[    0.004000] console [ttyS0] enabled
[    0.004000] ACPI: Core revision 20170831
[    0.004000] ACPI: 2 ACPI AML tables successfully acquired and loaded
[    0.004000] APIC: Switch to symmetric I/O mode setup
[    0.004000] x2apic enabled
[    0.004000] Switched APIC routing to physical x2apic.
[    0.005218] ..TIMER: vector=0x30 apic1=0 pin1=2 apic2=-1 pin2=-1
[    0.008007] tsc: Detected 3696.006 MHz processor
[    0.012009] Calibrating delay loop (skipped) preset value.. 7392.01 BogoMIPS (lpj=14784024)
[    0.014350] pid_max: default: 32768 minimum: 301
[    0.016037] Security Framework initialized
[    0.017214] Yama: becoming mindful.
[    0.018079] AppArmor: AppArmor initialized
[    0.020134] Dentry cache hash table entries: 524288 (order: 10, 4194304 bytes)
[    0.022226] Inode-cache hash table entries: 262144 (order: 9, 2097152 bytes)
[    0.024000] Mount-cache hash table entries: 8192 (order: 4, 65536 bytes)
[    0.024019] Mountpoint-cache hash table entries: 8192 (order: 4, 65536 bytes)
[    0.025828] Last level iTLB entries: 4KB 64, 2MB 8, 4MB 8
[    0.028005] Last level dTLB entries: 4KB 64, 2MB 0, 4MB 0, 1GB 4
[    0.029035] Spectre V1 : Mitigation: usercopy/swapgs barriers and __user pointer sanitization
[    0.030497] Spectre V2 : Mitigation: Retpolines
[    0.031296] Spectre V2 : Spectre v2 / SpectreRSB mitigation: Filling RSB on context switch
[    0.032002] Spectre V2 : Spectre v2 / SpectreRSB : Filling RSB on VMEXIT
[    0.033141] RETBleed: WARNING: Spectre v2 mitigation leaves CPU vulnerable to RETBleed attacks, data leaks possible!
[    0.034917] RETBleed: Vulnerable
[    0.036001] Speculative Store Bypass: Vulnerable
[    0.036914] MDS: Mitigation: Clear CPU buffers
[    0.037706] MMIO Stale Data: Mitigation: Clear CPU buffers
[    0.040003] SRBDS: Unknown: Dependent on hypervisor status
[    0.041149] Freeing SMP alternatives memory: 36K
[    0.151586] smpboot: CPU0: Intel(R) Core(TM) i3-6100 CPU @ 3.70GHz (family: 0x6, model: 0x5e, stepping: 0x3)
[    0.152000] Performance Events: unsupported p6 CPU model 94 no PMU driver, software events only.
[    0.152000] Hierarchical SRCU implementation.
[    0.152464] NMI watchdog: Perf event create on CPU 0 failed with -2
[    0.153605] NMI watchdog: Perf NMI watchdog permanently disabled
[    0.154710] smp: Bringing up secondary CPUs ...
[    0.156029] x86: Booting SMP configuration:
[    0.156837] .... node  #0, CPUs:      #1
[    0.004000] kvm-clock: cpu 1, msr 1:1ff54041, secondary cpu clock
[    0.160016] smp: Brought up 1 node, 2 CPUs
[    0.160765] smpboot: Max logical packages: 1
[    0.161556] smpboot: Total of 2 processors activated (14784.02 BogoMIPS)
[    0.164276] devtmpfs: initialized
[    0.164692] x86/mm: Memory block size: 128MB
[    0.165801] evm: security.selinux
[    0.166421] evm: security.SMACK64
[    0.167031] evm: security.SMACK64EXEC
[    0.167695] evm: security.SMACK64TRANSMUTE
[    0.168002] evm: security.SMACK64MMAP
[    0.168666] evm: security.apparmor
[    0.169321] evm: security.ima
[    0.169879] evm: security.capability
[    0.170558] clocksource: jiffies: mask: 0xffffffff max_cycles: 0xffffffff, max_idle_ns: 7645041785100000 ns
[    0.172007] futex hash table entries: 512 (order: 3, 32768 bytes)
[    0.173206] pinctrl core: initialized pinctrl subsystem
[    0.174236] RTC time: 10:48:43, date: 03/31/25
[    0.176120] NET: Registered protocol family 16
[    0.177013] audit: initializing netlink subsys (disabled)
[    0.178019] audit: type=2000 audit(1743418128.472:1): state=initialized audit_enabled=0 res=1
[    0.180012] cpuidle: using governor ladder
[    0.180807] cpuidle: using governor menu
[    0.181558] ACPI: bus type PCI registered
[    0.182302] acpiphp: ACPI Hot Plug PCI Controller Driver version: 0.5
[    0.184018] PCI: Using configuration type 1 for base access
[    0.185028] HugeTLB registered 2.00 MiB page size, pre-allocated 0 pages
[    0.185169] ACPI: Added _OSI(Module Device)
[    0.188006] ACPI: Added _OSI(Processor Device)
[    0.188810] ACPI: Added _OSI(3.0 _SCP Extensions)
[    0.189666] ACPI: Added _OSI(Processor Aggregator Device)
[    0.190843] ACPI: Added _OSI(Linux-Dell-Video)
[    0.191633] ACPI: Added _OSI(Linux-Lenovo-NV-HDMI-Audio)
[    0.192004] ACPI: Added _OSI(Linux-HPI-Hybrid-Graphics)
[    0.193248] ACPI: Executed 1 blocks of module-level executable AML code
[    0.198841] ACPI: Interpreter enabled
[    0.199518] ACPI: (supports S0 S5)
[    0.200002] ACPI: Using IOAPIC for interrupt routing
[    0.201210] PCI: Using host bridge windows from ACPI; if necessary, use "pci=nocrs" and report a bug
[    0.204196] ACPI: Enabled 2 GPEs in block 00 to 07
[    0.212821] ACPI: PCI Root Bridge [PCI0] (domain 0000 [bus 00-ff])
[    0.214029] acpi PNP0A03:00: _OSC: OS supports [ASPM ClockPM Segments MSI]
[    0.215810] acpi PNP0A03:00: _OSC: not requesting OS control; OS requires [ExtendedConfig ASPM ClockPM MSI]
[    0.216011] acpi PNP0A03:00: fail to add MMCONFIG information, can't access extended PCI configuration space under this bridge.
[    0.218479] PCI host bridge to bus 0000:00
[    0.220003] pci_bus 0000:00: root bus resource [io  0x0000-0x0cf7 window]
[    0.221246] pci_bus 0000:00: root bus resource [io  0x0d00-0xffff window]
[    0.222507] pci_bus 0000:00: root bus resource [mem 0x000a0000-0x000bffff window]
[    0.224006] pci_bus 0000:00: root bus resource [mem 0xe0000000-0xfdffffff window]
[    0.225359] pci_bus 0000:00: root bus resource [bus 00-ff]
[    0.229095] pci 0000:00:01.1: legacy IDE quirk: reg 0x10: [io  0x01f0-0x01f7]
[    0.230344] pci 0000:00:01.1: legacy IDE quirk: reg 0x14: [io  0x03f6]
[    0.231454] pci 0000:00:01.1: legacy IDE quirk: reg 0x18: [io  0x0170-0x0177]
[    0.232002] pci 0000:00:01.1: legacy IDE quirk: reg 0x1c: [io  0x0376]
[    0.269670] pci 0000:00:07.0: quirk: [io  0x4000-0x403f] claimed by PIIX4 ACPI
[    0.271032] pci 0000:00:07.0: quirk: [io  0x4100-0x410f] claimed by PIIX4 SMB
[    0.297747] ACPI: PCI Interrupt Link [LNKA] (IRQs 5 9 10 *11)
[    0.299102] ACPI: PCI Interrupt Link [LNKB] (IRQs 5 9 *10 11)
[    0.300122] ACPI: PCI Interrupt Link [LNKC] (IRQs 5 *9 10 11)
[    0.301279] ACPI: PCI Interrupt Link [LNKD] (IRQs 5 9 10 *11)
[    0.302556] SCSI subsystem initialized
[    0.304031] pci 0000:00:02.0: vgaarb: setting as boot VGA device
[    0.305063] pci 0000:00:02.0: vgaarb: VGA device added: decodes=io+mem,owns=io+mem,locks=none
[    0.306574] pci 0000:00:02.0: vgaarb: bridge control possible
[    0.307608] vgaarb: loaded
[    0.308040] ACPI: bus type USB registered
[    0.308843] usbcore: registered new interface driver usbfs
[    0.309882] usbcore: registered new interface driver hub
[    0.310849] usbcore: registered new device driver usb
[    0.312012] EDAC MC: Ver: 3.0.0
[    0.312842] PCI: Using ACPI for IRQ routing
[    0.313095] NetLabel: Initializing
[    0.313759] NetLabel:  domain hash size = 128
[    0.314579] NetLabel:  protocols = UNLABELED CIPSOv4 CALIPSO
[    0.316017] NetLabel:  unlabeled traffic allowed by default
[    0.317209] clocksource: Switched to clocksource kvm-clock
[    0.325932] VFS: Disk quotas dquot_6.6.0
[    0.326706] VFS: Dquot-cache hash table entries: 512 (order 0, 4096 bytes)
[    0.328005] AppArmor: AppArmor Filesystem Enabled
[    0.328889] pnp: PnP ACPI init
[    0.330496] pnp: PnP ACPI: found 3 devices
[    0.338389] clocksource: acpi_pm: mask: 0xffffff max_cycles: 0xffffff, max_idle_ns: 2085701024 ns
[    0.340330] NET: Registered protocol family 2
[    0.341217] IP idents hash table entries: 65536 (order: 7, 524288 bytes)
[    0.342840] TCP established hash table entries: 32768 (order: 6, 262144 bytes)
[    0.344188] TCP bind hash table entries: 32768 (order: 7, 524288 bytes)
[    0.345491] TCP: Hash tables configured (established 32768 bind 32768)
[    0.346666] UDP hash table entries: 2048 (order: 4, 65536 bytes)
[    0.347747] UDP-Lite hash table entries: 2048 (order: 4, 65536 bytes)
[    0.348939] NET: Registered protocol family 1
[    0.349884] pci 0000:00:00.0: Limiting direct PCI/PCI transfers
[    0.351116] pci 0000:00:01.0: Activating ISA DMA hang workarounds
[    0.352290] pci 0000:00:02.0: Video device with shadowed ROM at [mem 0x000c0000-0x000dffff]
[    0.353927] Unpacking initramfs...
[    0.591331] Freeing initrd memory: 19528K
[    0.592191] PCI-DMA: Using software bounce buffering for IO (SWIOTLB)
[    0.593327] software IO TLB: mapped [mem 0xdbff0000-0xdfff0000] (64MB)
[    0.594546] clocksource: tsc: mask: 0xffffffffffffffff max_cycles: 0x6a8d3326297, max_idle_ns: 881590805301 ns
[    0.596176] platform rtc_cmos: registered platform RTC device (no PNP device found)
[    0.597761] Scanning for low memory corruption every 60 seconds
[    0.599363] Initialise system trusted keyrings
[    0.600163] Key type blacklist registered
[    0.600949] workingset: timestamp_bits=36 max_order=20 bucket_order=0
[    0.603072] zbud: loaded
[    0.604027] squashfs: version 4.0 (2009/01/31) Phillip Lougher
[    0.605297] fuse init (API version 7.26)
[    0.607588] Key type asymmetric registered
[    0.608562] Asymmetric key parser 'x509' registered
[    0.609476] Block layer SCSI generic (bsg) driver version 0.4 loaded (major 246)
[    0.610854] io scheduler noop registered
[    0.611589] io scheduler deadline registered
[    0.612437] io scheduler cfq registered (default)
[    0.613503] ACPI: AC Adapter [AC] (on-line)
[    0.614295] input: Power Button as /devices/LNXSYSTM:00/LNXPWRBN:00/input/input0
[    0.615632] ACPI: Power Button [PWRF]
[    0.616445] input: Sleep Button as /devices/LNXSYSTM:00/LNXSLPBN:00/input/input1
[    0.617758] ACPI: Sleep Button [SLPF]
[    0.618683] Serial: 8250/16550 driver, 32 ports, IRQ sharing enabled
[    0.640490] 00:02: ttyS0 at I/O 0x3f8 (irq = 4, base_baud = 115200) is a 16550A
[    0.644209] Linux agpgart interface v0.103
[    0.646108] loop: module loaded
[    0.647180] scsi host0: ata_piix
[    0.647873] scsi host1: ata_piix
[    0.648527] ata1: PATA max UDMA/33 cmd 0x1f0 ctl 0x3f6 bmdma 0xd000 irq 14
[    0.649676] ata2: PATA max UDMA/33 cmd 0x170 ctl 0x376 bmdma 0xd008 irq 15
[    0.650894] tun: Universal TUN/TAP device driver, 1.6
[    0.652042] PPP generic driver version 2.4.2
[    0.652854] ehci_hcd: USB 2.0 'Enhanced' Host Controller (EHCI) Driver
[    0.654075] ehci-pci: EHCI PCI platform driver
[    0.654918] ehci-platform: EHCI generic platform driver
[    0.655999] ohci_hcd: USB 1.1 'Open' Host Controller (OHCI) Driver
[    0.657197] ohci-pci: OHCI PCI platform driver
[    0.658083] ohci-platform: OHCI generic platform driver
[    0.659039] uhci_hcd: USB Universal Host Controller Interface driver
[    0.660261] i8042: PNP: PS/2 Controller [PNP0303:PS2K,PNP0f03:PS2M] at 0x60,0x64 irq 1,12
[    0.663248] serio: i8042 KBD port at 0x60,0x64 irq 1
[    0.664807] serio: i8042 AUX port at 0x60,0x64 irq 12
[    0.666463] mousedev: PS/2 mouse device common for all mice
[    0.668927] input: AT Translated Set 2 keyboard as /devices/platform/i8042/serio0/input/input2
[    0.671083] rtc_cmos rtc_cmos: rtc core: registered rtc_cmos as rtc0
[    0.673253] rtc_cmos rtc_cmos: alarms up to one day, 114 bytes nvram
[    0.675083] i2c /dev entries driver
[    0.676191] device-mapper: uevent: version 1.0.3
[    0.677700] device-mapper: ioctl: 4.37.0-ioctl (2017-09-20) initialised: dm-devel@redhat.com
[    0.679294] ledtrig-cpu: registered to indicate activity on CPUs
[    0.681094] NET: Registered protocol family 10
[    0.685957] Segment Routing with IPv6
[    0.687091] NET: Registered protocol family 17
[    0.688582] Key type dns_resolver registered
[    0.689951] mce: Using 0 MCE banks
[    0.691010] RAS: Correctable Errors collector initialized.
[    0.692655] sched_clock: Marking stable (692617133, 0)->(952896478, -260279345)
[    0.694908] registered taskstats version 1
[    0.695903] Loading compiled-in X.509 certificates
[    0.699316] Loaded X.509 cert 'Build time autogenerated kernel key: b5b26778eaa3ab3a4a6cee031137706e947d12ad'
[    0.702579] Loaded X.509 cert 'Canonical Ltd. Live Patch Signing: 14df34d1a87cf37625abec039ef2bf521249b969'
[    0.705929] Loaded X.509 cert 'Canonical Ltd. Kernel Module Signing: 88f752e560a1e0737e31163a466ad7b70a850c19'
[    0.708845] blacklist: Loading compiled-in revocation X.509 certificates
[    0.710777] Loaded X.509 cert 'Canonical Ltd. Secure Boot Signing: 61482aa2830d0ab2ad5af10b7250da9033ddcef0'
[    0.713629] Loaded X.509 cert 'Canonical Ltd. Secure Boot Signing (2017): 242ade75ac4a15e50d50c84b0d45ff3eae707a03'
[    0.716674] Loaded X.509 cert 'Canonical Ltd. Secure Boot Signing (ESM 2018): 365188c1d374d6b07c3c8f240f8ef722433d6a8b'
[    0.719797] Loaded X.509 cert 'Canonical Ltd. Secure Boot Signing (2019): c0746fd6c5da3ae827864651ad66ae47fe24b3e8'
[    0.722791] Loaded X.509 cert 'Canonical Ltd. Secure Boot Signing (2021 v1): a8d54bbb3825cfb94fa13c9f8a594a195c107b8d'
[    0.725979] Loaded X.509 cert 'Canonical Ltd. Secure Boot Signing (2021 v2): 4cf046892d6fd3c9a5b03f98d845f90851dc6a8c'
[    0.729133] Loaded X.509 cert 'Canonical Ltd. Secure Boot Signing (2021 v3): 100437bb6de6e469b581e61cd66bce3ef4ed53af'
[    0.732404] Loaded X.509 cert 'Canonical Ltd. Secure Boot Signing (Ubuntu Core 2019): c1d57b8f6b743f23ee41f4f7ee292f06eecadfb9'
[    0.735608] zswap: loaded using pool lzo/zbud
[    0.740475] Key type big_key registered
[    0.741604] Key type trusted registered
[    0.744328] Key type encrypted registered
[    0.745526] AppArmor: AppArmor sha1 policy hashing enabled
[    0.747110] ima: No TPM chip found, activating TPM-bypass! (rc=-19)
[    0.748927] ima: Allocated hash algorithm: sha1
[    0.750200] evm: HMAC attrs: 0x1
[    0.751460]   Magic number: 1:160:832
[    0.752660] rtc_cmos rtc_cmos: setting system clock to 2025-03-31 10:48:44 UTC (1743418124)
[    0.755500] BIOS EDD facility v0.16 2004-Jun-25, 0 devices found
[    0.757052] EDD information not available.
[    0.833822] Freeing unused kernel image memory: 2480K
[    1.589426] Write protecting the kernel read-only data: 20480k
[    1.591393] Freeing unused kernel image memory: 2008K
[    1.593127] Freeing unused kernel image memory: 1820K
[    1.607047] x86/mm: Checked W+X mappings: passed, no W+X pages found.
[    1.608563] x86/mm: Checking user space page tables
[    1.618241] x86/mm: Checked W+X mappings: passed, no W+X pages found.
Loading, please wait...
starting version 237
[    1.698617] Fusion MPT base driver 3.04.20
[    1.699669] Copyright (c) 1999-2008 LSI Corporation
[    1.718086] e1000: Intel(R) PRO/1000 Network Driver - version 7.3.21-k8-NAPI
[    1.719974] e1000: Copyright (c) 1999-2006 Intel Corporation.
[    1.745184] AVX2 version of gcm_enc/dec engaged.
[    1.746325] AES CTR mode by8 optimization enabled
[    1.757974] Fusion MPT SPI Host driver 3.04.20
[    1.935006] input: ImExPS/2 Generic Explorer Mouse as /devices/platform/i8042/serio1/input/input4
[    2.184548] e1000 0000:00:03.0 eth0: (PCI:33MHz:32-bit) 02:3b:7b:b7:3b:2d
[    2.186471] e1000 0000:00:03.0 eth0: Intel(R) PRO/1000 Network Connection
[    2.189420] mptbase: ioc0: Initiating bringup
[    2.296260] ioc0: LSI53C1030 A0: Capabilities={Initiator}
[    2.544189] scsi host2: ioc0: LSI53C1030 A0, FwRev=00000000h, Ports=1, MaxQ=256, IRQ=20
[    2.716579] scsi 2:0:0:0: Direct-Access     VBOX     HARDDISK         1.0  PQ: 0 ANSI: 5
[    2.748530] scsi target2:0:0: Beginning Domain Validation
[    2.751337] scsi target2:0:0: Domain Validation skipping write tests
[    2.753082] scsi target2:0:0: Ending Domain Validation
[    2.754690] scsi target2:0:0: asynchronous
[    2.770013] scsi 2:0:1:0: Direct-Access     VBOX     HARDDISK         1.0  PQ: 0 ANSI: 5
[    2.805187] scsi target2:0:1: Beginning Domain Validation
[    2.828920] scsi target2:0:1: Domain Validation skipping write tests
[    2.830681] scsi target2:0:1: Ending Domain Validation
[    2.832076] scsi target2:0:1: asynchronous
[    2.837701] sd 2:0:0:0: [sda] 83886080 512-byte logical blocks: (42.9 GB/40.0 GiB)
[    2.839820] sd 2:0:0:0: [sda] Write Protect is off
[    2.841112] sd 2:0:0:0: Attached scsi generic sg0 type 0
[    2.842341] sd 2:0:0:0: [sda] Incomplete mode parameter data
[    2.843576] sd 2:0:0:0: [sda] Assuming drive cache: write through
[    2.846185] sd 2:0:1:0: Attached scsi generic sg1 type 0
[    2.847405]  sda: sda1
[    2.849047] sd 2:0:0:0: [sda] Attached SCSI disk
[    2.853852] sd 2:0:1:0: [sdb] 20480 512-byte logical blocks: (10.5 MB/10.0 MiB)
[    2.856404] sd 2:0:1:0: [sdb] Write Protect is off
[    2.862344] sd 2:0:1:0: [sdb] Incomplete mode parameter data
[    2.863999] sd 2:0:1:0: [sdb] Assuming drive cache: write through
[    2.870571] sd 2:0:1:0: [sdb] Attached SCSI disk
[    3.149168] e1000 0000:00:08.0 eth1: (PCI:33MHz:32-bit) 08:00:27:98:6c:ff
[    3.151318] e1000 0000:00:08.0 eth1: Intel(R) PRO/1000 Network Connection
[    3.155393] e1000 0000:00:03.0 enp0s3: renamed from eth0
[    3.172916] e1000 0000:00:08.0 enp0s8: renamed from eth1
Begin: Loading essential drivers ... [    4.988053] raid6: sse2x1   gen()  9481 MB/s
[    5.036033] raid6: sse2x1   xor()  8106 MB/s
[    5.084052] raid6: sse2x2   gen() 15529 MB/s
[    5.132035] raid6: sse2x2   xor() 10321 MB/s
[    5.180050] raid6: sse2x4   gen() 17776 MB/s
[    5.228058] raid6: sse2x4   xor() 11263 MB/s
[    5.276052] raid6: avx2x1   gen() 24509 MB/s
[    5.324056] raid6: avx2x1   xor() 16562 MB/s
[    5.372161] raid6: avx2x2   gen() 29174 MB/s
[    5.420077] raid6: avx2x2   xor() 19197 MB/s
[    5.468060] raid6: avx2x4   gen() 34770 MB/s
[    5.516078] raid6: avx2x4   xor() 20626 MB/s
[    5.516888] raid6: using algorithm avx2x4 gen() 34770 MB/s
[    5.517927] raid6: .... xor() 20626 MB/s, rmw enabled
[    5.518877] raid6: using avx2x2 recovery algorithm
[    5.520971] xor: automatically using best checksumming function   avx       
[    5.523728] async_tx: api initialized (async)
done.
Begin: Running /scripts/init-premount ... done.
Begin: Mounting root file system ... Begin: Running /scripts/local-top ... done.
Begin: Running /scripts/local-premount ... [    5.567662] Btrfs loaded, crc32c=crc32c-intel
Scanning for Btrfs filesystems
done.
Warning: fsck not present, so skipping root file system
[    5.596873] EXT4-fs (sda1): mounted filesystem with ordered data mode. Opts: (null)
done.
Begin: Running /scripts/local-bottom ... done.
Begin: Running /scripts/init-bottom ... done.
[    5.801108] ip_tables: (C) 2000-2006 Netfilter Core Team
[    5.814337] systemd[1]: systemd 237 running in system mode. (+PAM +AUDIT +SELINUX +IMA +APPARMOR +SMACK +SYSVINIT +UTMP +LIBCRYPTSETUP +GCRYPT +GNUTLS +ACL +XZ +LZ4 +SECCOMP +BLKID +ELFUTILS +KMOD -IDN2 +IDN -PCRE2 default-hierarchy=hybrid)
[    5.820587] systemd[1]: Detected virtualization oracle.
[    5.822164] systemd[1]: Detected architecture x86-64.

Welcome to [1mUbuntu 18.04.6 LTS[0m!

[    5.829065] systemd[1]: Set hostname to <ubuntu>.
[    5.832780] systemd[1]: Initializing machine ID from random generator.
[    5.834635] systemd[1]: Installed transient /etc/machine-id file.
[    6.127941] systemd[1]: Reached target System Time Synchronized.
[[0;32m  OK  [0m] Reached target System Time Synchronized.
[    6.132651] systemd[1]: Created slice System Slice.
[[0;32m  OK  [0m] Created slice System Slice.
[    6.135108] systemd[1]: Listening on Journal Socket.
[[0;32m  OK  [0m] Listening on Journal Socket.
[    6.136741] systemd[1]: Listening on udev Kernel Socket.
[[0;32m  OK  [0m] Listening on udev Kernel Socket.
[[0;32m  OK  [0m] Listening on Device-mapper event daemon FIFOs.
         Starting Uncomplicated firewall...
[[0;32m  OK  [0m] Listening on Journal Audit Socket.
[[0;32m  OK  [0m] Listening on LVM2 poll daemon socket.
         Mounting POSIX Message Queue File System...
[[0;32m  OK  [0m] Created slice system-serial\x2dgetty.slice.
[[0;32m  OK  [0m] Listening on LVM2 metadata daemon socket.
[[0;32m  OK  [0m] Listening on fsck to fsckd communication Socket.
         Starting File System Check on Root Device...
[[0;32m  OK  [0m] Reached target Swap.
[[0;32m  OK  [0m] Listening on Network Service Netlink Socket.
         Starting Create list of required st…ce nodes for the current kernel...
[[0;32m  OK  [0m] Reached target User and Group Name Lookups.
[[0;32m  OK  [0m] Listening on udev Control Socket.
         Starting udev Coldplug all Devices...
[[0;32m  OK  [0m] Reached target Mounting snaps.
         Starting Load Kernel Modules...
         Mounting Huge Pages File System...
[[0;32m  OK  [0m] Reached target Mounted snaps.
[[0;32m  OK  [0m] Created slice User and Session Slice.
[[0;32m  OK  [0m] Listening on /dev/initctl Compatibility Named Pipe.
[[0;32m  OK  [0m] Reached target Slices.
         Starting Set the console keyboard layout...
         Starting Monitoring of LVM2 mirrors…ng dmeventd or progress polling...
[[0;32m  OK  [0m] Listening on Syslog Socket.
[    6.228838] Loading iSCSI transport class v2.0-870.
[[0;32m  OK  [0m] Started Forward Password Requests to Wall Directory Watch.
[[0;32m  OK  [0m] Set up automount Arbitrary Executab…rmats File System Automount Point.
[[0;32m  OK  [0m] Listening on Journal Socket (/dev/log).
         Starting Journal Service...
         Mounting Kernel Debug File System...
[    6.324509] iscsi: registered transport (tcp)
[[0;32m  OK  [0m] Started Uncomplicated firewall.
[[0;32m  OK  [0m] Mounted POSIX Message Queue File System.
[[0;32m  OK  [0m] Started File System Check on Root Device.
[[0;32m  OK  [0m] Started Create list of required sta…vice nodes for the current kernel.
[[0;32m  OK  [0m] Mounted Huge Pages File System.
[[0;32m  OK  [0m] Mounted Kernel Debug File System.
[[0;32m  OK  [0m] Started File System Check Daemon to report status.
[[0;32m  OK  [0m] Started LVM2 metadata daemon.
         Starting Create Static Device Nodes in /dev...
         Starting Remount Root and Kernel File Systems...
[[0;32m  OK  [0m] Started Journal Service.
[[0;32m  OK  [0m] Started udev Coldplug all Devices.
[[0;32m  OK  [0m] Started Create Static Device Nodes in /dev.
[    6.446751] EXT4-fs (sda1): re-mounted. Opts: (null)
[[0;32m  OK  [0m] Started Remount Root and Kernel File Systems.
         Starting Flush Journal to Persistent Storage...
         Starting udev Kernel Device Manager...
         Starting Load/Save Random Seed...
[[0;32m  OK  [0m] Started Monitoring of LVM2 mirrors,…sing dmeventd or progress polling.
[    6.505499] systemd-journald[408]: Received request to flush runtime journal from PID 1
[    6.509972] iscsi: registered transport (iser)
[[0;32m  OK  [0m] Started Load Kernel Modules.
         Mounting Kernel Configuration File System...
         Starting Apply Kernel Variables...
         Mounting FUSE Control File System...
[[0;32m  OK  [0m] Started Load/Save Random Seed.
[[0;32m  OK  [0m] Mounted Kernel Configuration File System.
[[0;32m  OK  [0m] Mounted FUSE Control File System.
[[0;32m  OK  [0m] Started udev Kernel Device Manager.
[[0;32m  OK  [0m] Started Apply Kernel Variables.
[[0;32m  OK  [0m] Started Flush Journal to Persistent Storage.
[[0;32m  OK  [0m] Found device /dev/ttyS0.
[[0;32m  OK  [0m] Listening on Load/Save RF Kill Switch Status /dev/rfkill Watch.
         Mounting Arbitrary Executable File Formats File System...
[[0;32m  OK  [0m] Mounted Arbitrary Executable File Formats File System.
[[0;32m  OK  [0m] Started Set the console keyboard layout.
[[0;32m  OK  [0m] Started Dispatch Password Requests to Console Directory Watch.
[[0;32m  OK  [0m] Reached target Local Encrypted Volumes.
[[0;32m  OK  [0m] Reached target Local File Systems (Pre).
[[0;32m  OK  [0m] Reached target Local File Systems.
         Starting Set console font and keymap...
         Starting Commit a transient machine-id on disk...
         Starting AppArmor initialization...
         Starting ebtables ruleset management...
         Starting Tell Plymouth To Write Out Runtime Data...
         Starting Create Volatile Files and Directories...
[[0;32m  OK  [0m] Started Tell Plymouth To Write Out Runtime Data.
[[0;32m  OK  [0m] Started Create Volatile Files and Directories.
         Starting Update UTMP about System Boot/Shutdown...
[[0;32m  OK  [0m] Started Commit a transient machine-id on disk.
[[0;32m  OK  [0m] Started Update UTMP about System Boot/Shutdown.
[[0;32m  OK  [0m] Started ebtables ruleset management.
[[0;32m  OK  [0m] Started Set console font and keymap.
[[0;32m  OK  [0m] Started AppArmor initialization.
         Starting Initial cloud-init job (pre-networking)...
         Starting Load AppArmor profiles managed internally by snapd...
[[0;32m  OK  [0m] Started Load AppArmor profiles managed internally by snapd.
[   12.303581] cloud-init[837]: Cloud-init v. 23.1.2-0ubuntu0~18.04.1 running 'init-local' at Mon, 31 Mar 2025 10:48:55 +0000. Up 11.68 seconds.
[[0;32m  OK  [0m] Started Initial cloud-init job (pre-networking).
[[0;32m  OK  [0m] Reached target Network (Pre).
         Starting Network Service...
[[0;32m  OK  [0m] Started Network Service.
         Starting Network Name Resolution...
         Starting Wait for Network to be Configured...
[[0;32m  OK  [0m] Started Network Name Resolution.
[[0;32m  OK  [0m] Reached target Network.
[[0;32m  OK  [0m] Reached target Host and Network Name Lookups.
[[0;32m  OK  [0m] Started Wait for Network to be Configured.
         Starting Initial cloud-init job (metadata service crawler)...
[   15.006256] cloud-init[968]: Cloud-init v. 23.1.2-0ubuntu0~18.04.1 running 'init' at Mon, 31 Mar 2025 10:48:58 +0000. Up 14.77 seconds.
[   15.008663] cloud-init[968]: ci-info: ++++++++++++++++++++++++++++++++++++++Net device info+++++++++++++++++++++++++++++++++++++++
[   15.010988] cloud-init[968]: ci-info: +--------+-------+----------------------------+---------------+--------+-------------------+
[   15.012724] cloud-init[968]: ci-info: | Device |   Up  |          Address           |      Mask     | Scope  |     Hw-Address    |
[   15.014318] cloud-init[968]: ci-info: +--------+-------+----------------------------+---------------+--------+-------------------+
[   15.015934] cloud-init[968]: ci-info: | enp0s3 |  True |         10.0.2.15          | 255.255.255.0 | global | 02:3b:7b:b7:3b:2d |
[   15.017581] cloud-init[968]: ci-info: | enp0s3 |  True | fd00::3b:7bff:feb7:3b2d/64 |       .       | global | 02:3b:7b:b7:3b:2d |
[   15.019066] cloud-init[968]: ci-info: | enp0s3 |  True | fe80::3b:7bff:feb7:3b2d/64 |       .       |  link  | 02:3b:7b:b7:3b:2d |
[   15.020683] cloud-init[968]: ci-info: | enp0s8 | False |             .              |       .       |   .    | 08:00:27:98:6c:ff |
[   15.022234] cloud-init[968]: ci-info: |   lo   |  True |         127.0.0.1          |   255.0.0.0   |  host  |         .         |
[   15.023831] cloud-init[968]: ci-info: |   lo   |  True |          ::1/128           |       .       |  host  |         .         |
[   15.025529] cloud-init[968]: ci-info: +--------+-------+----------------------------+---------------+--------+-------------------+
[   15.027303] cloud-init[968]: ci-info: ++++++++++++++++++++++++++++Route IPv4 info+++++++++++++++++++++++++++++
[   15.029005] cloud-init[968]: ci-info: +-------+-------------+----------+-----------------+-----------+-------+
[   15.030267] cloud-init[968]: ci-info: | Route | Destination | Gateway  |     Genmask     | Interface | Flags |
[   15.031832] cloud-init[968]: ci-info: +-------+-------------+----------+-----------------+-----------+-------+
[   15.044745] cloud-init[968]: ci-info: |   0   |   0.0.0.0   | 10.0.2.2 |     0.0.0.0     |   enp0s3  |   UG  |
[   15.049165] cloud-init[968]: ci-info: |   1   |   10.0.2.0  | 0.0.0.0  |  255.255.255.0  |   enp0s3  |   U   |
[   15.053287] cloud-init[968]: ci-info: |   2   |   10.0.2.2  | 0.0.0.0  | 255.255.255.255 |   enp0s3  |   UH  |
[   15.057187] cloud-init[968]: ci-info: +-------+-------------+----------+-----------------+-----------+-------+
[   15.061067] cloud-init[968]: ci-info: +++++++++++++++++++Route IPv6 info+++++++++++++++++++
[   15.063273] cloud-init[968]: ci-info: +-------+-------------+---------+-----------+-------+
[   15.064844] cloud-init[968]: ci-info: | Route | Destination | Gateway | Interface | Flags |
[   15.067281] cloud-init[968]: ci-info: +-------+-------------+---------+-----------+-------+
[   15.069442] cloud-init[968]: ci-info: |   1   |  fd00::/64  |    ::   |   enp0s3  |   U   |
[   15.071608] cloud-init[968]: ci-info: |   2   |  fe80::/64  |    ::   |   enp0s3  |   U   |
[   15.073657] cloud-init[968]: ci-info: |   3   |     ::/0    | fe80::2 |   enp0s3  |   UG  |
[   15.074841] cloud-init[968]: ci-info: |   5   |    local    |    ::   |   enp0s3  |   U   |
[   15.077095] cloud-init[968]: ci-info: |   6   |   ff00::/8  |    ::   |   enp0s3  |   U   |
[   15.079077] cloud-init[968]: ci-info: +-------+-------------+---------+-----------+-------+
[   15.627389] cloud-init[968]: Generating public/private rsa key pair.
[   15.628806] cloud-init[968]: Your identification has been saved in /etc/ssh/ssh_host_rsa_key.
[   15.630645] cloud-init[968]: Your public key has been saved in /etc/ssh/ssh_host_rsa_key.pub.
[   15.632600] cloud-init[968]: The key fingerprint is:
[   15.633835] cloud-init[968]: SHA256:V/EF06y9SHfRIHiZ8t5SSrARmlU+5qz6lg40FqOYNRQ root@ubuntu-bionic
[   15.635785] cloud-init[968]: The key's randomart image is:
[   15.637175] cloud-init[968]: +---[RSA 2048]----+
[   15.638350] cloud-init[968]: |      E.  o++o+=o|
[   15.639503] cloud-init[968]: |     .   +=.++ ++|
[   15.640698] cloud-init[968]: |      o =  B= .o.|
[   15.641837] cloud-init[968]: |     + o o.=ooo.o|
[   15.642982] cloud-init[968]: |    o . S .o++o o|
[   15.644153] cloud-init[968]: |       o o .+... |
[   15.645316] cloud-init[968]: |        . .. .   |
[   15.646456] cloud-init[968]: |         oo      |
[   15.647598] cloud-init[968]: |        .+o      |
[   15.648802] cloud-init[968]: +----[SHA256]-----+
[   15.649955] cloud-init[968]: Generating public/private dsa key pair.
[   15.651424] cloud-init[968]: Your identification has been saved in /etc/ssh/ssh_host_dsa_key.
[   15.653398] cloud-init[968]: Your public key has been saved in /etc/ssh/ssh_host_dsa_key.pub.
[   15.655326] cloud-init[968]: The key fingerprint is:
[   15.668464] cloud-init[968]: SHA256:UdcztTHGH90Cmuljl0fv6MgyMm9VLxIIbcy2LvR99gQ root@ubuntu-bionic
[   15.671551] cloud-init[968]: The key's randomart image is:
[   15.672970] cloud-init[968]: +---[DSA 1024]----+
[   15.674087] cloud-init[968]: |         +. oo.=+|
[   15.675351] cloud-init[968]: |        ..*=  *o*|
[   15.676757] cloud-init[968]: |        .++o  .=o|
[   15.677914] cloud-init[968]: |        .oo .oE..|
[   15.678992] cloud-init[968]: |       .So+.oo.o.|
[   15.680288] cloud-init[968]: |        ..oo+.+oo|
[   15.681534] cloud-init[968]: |         . . +.+.|
[   15.682680] cloud-init[968]: |        o +. o  .|
[   15.683948] cloud-init[968]: |         =.oo .  |
[   15.685643] cloud-init[968]: +----[SHA256]-----+
[   15.686854] cloud-init[968]: Generating public/private ecdsa key pair.
[   15.688451] cloud-init[968]: Your identification has been saved in /etc/ssh/ssh_host_ecdsa_key.
[   15.690398] cloud-init[[0;32m  OK  [0m] Started Initial cloud-init job (metadata service crawler).
[[0;32m  OK  [0m] Reached target Cloud-config availability.
[[0;32m  OK  [0m] Reached target System Initialization.
[[0;32m  OK  [0m] Listening on Open-iSCSI iscsid Socket.
[[0;32m  OK  [0m] Listening on UUID daemon activation socket.
[[0;32m  OK  [0m] Started Ubuntu Advantage Timer for running repeated jobs.
[[0;32m  OK  [0m] Listening on cloud-init hotplug hook socket.
[[0;32m  OK  [0m] Started Discard unused blocks once a week.
[968]: Your public key has been saved in /etc/ssh/ssh_host_ecdsa_key.pub.
[[0;32m  OK  [0m] Started Daily apt download activities.
[   15.698223] [[0;32m  OK  [0m] Started Message of the Day.
cloud-init[968]:          Starting Socket activation for snappy daemon.
The key fingerprint is:
[[0;32m  OK  [0m] Started ACPI Events Check.
[[0;32m  OK  [0m] Reached target Paths.
[[0;32m  OK  [0m] Listening on ACPID Listen Socket.
[[0;32m  OK  [0m] Started Daily Cleanup of Temporary Directories.
[[0;32m  OK  [0m] Listening on D-Bus System Message Bus Socket.
[   15.706993] cloud-init         Starting LXD - unix socket.
[[0;32m  OK  [0m] Started Daily apt upgrade and clean activities.
[[0;32m  OK  [0m] Reached target Timers.
[[0;32m  OK  [0m] Reached target Network is Online.
[968]: SHA256:Rna+TSXei00wG/yz7wexemloAPM24vrSiUoJ7bCOo5I root@ubuntu-bionic[[0;32m  OK  [0m] Reached target Remote File Systems (Pre).
[[0;32m  OK  [0m] Reached target Remote File Systems.

         Starting Availability of block devices...
[   15.719494] [[0;32m  OK  [0m] Listening on Socket activation for snappy daemon.
[[0;32m  OK  [0m] Listening on LXD - unix socket.
[[0;32m  OK  [0m] Reached target Sockets.
cloud-init[968]: [[0;32m  OK  [0m] Reached target Basic System.
The key's randomart image is:         Starting System Logging Service...

         Starting Dispatcher daemon for systemd-networkd...
         Starting LSB: automatic crash report generation...
         Starting Permit User Sessions...
[   15.731423] cloud-init[968]:          Starting LXD - container startup/shutdown...
         Starting Accounts Service...
+---[ECDSA 256]---+
[   15.736778] cloud-init[968]: |                 |
[   15.742635] cloud-init[968]: |           .     |
[   15.743898] cloud-init[968]: |        o . * .  |
[   15.745064] cloud-init[968]:          Starting Pollinate to seed the pseudo random number generator...
|   .   ooo . X.  |
[[0;32m  OK  [0m] Started Deferred execution scheduler.
[   15.751386] cloud-init[968]: [[0;32m  OK  [0m] Started Regular background program processing daemon.
[[0;32m  OK  [0m] Started irqbalance daemon.
|  o .   S+. + =o |[[0;32m  OK  [0m] Started FUSE filesystem for LXC.
[[0;32m  OK  [0m] Reached target Login Prompts (Pre).
[[0;32m  OK  [0m] Started D-Bus System Message Bus.

[   15.759780] cloud-init[968]: |   = . .. =+ +o+ |
[   15.772297] cloud-init[968]: | .. +  + +.ooo+o |
[   15.773377] cloud-init[968]: |Eo .  o +   + +..|
[   15.784189] cloud-init[968]: |=.. ...+.  . o .+|
[   15.796207] cloud-init[968]: +----[SHA256]-----+
[   15.797276] cloud-init[968]: Generating public/private ed25519 key pair.
[   15.808205] cloud-init[968]: Your identification has been saved in /etc/ssh/ssh_host_ed25519_key.
[   15.810249] cloud-init[968]: Your public key has been saved in /etc/ssh/ssh_host_ed25519_key.pub.
[   15.812197] cloud-init[968]: The key fingerprint is:
[   15.813246] cloud-init[968]: SHA256:RDXmSWDHZfn6AHgmLaj6ePKNHhbocUxO/PxTSumZanU root@ubuntu-bionic
[   15.815049] cloud-init[968]: The key's randomart image is:
[   15.832554] cloud-init[968]: +--[ED25519 256]--+
[   15.833873] cloud-init[968]: |        ++*.o.   |
[   15.836593] cloud-init[968]: |   .   o =.+.    |
[   15.837974] cloud-init[968]: |    +  ..oo  .   |
[   15.839029] cloud-init[968]: |   * o..+.=   .  |
[   15.840296] cloud-init[968]: |  o =.o S=.. .   |
[   15.841434] cloud-init[968]: | . o.. +.=E o    |
[   15.842672] cloud-init[968]: |  ..o  .B.   o   |
[   15.843930] cloud-init[968]: |  oo.+.. .    .  |
[   15.845276] cloud-init[968]: |  .*=.o          |
[   15.849590] cloud-init[968]: +----[SHA256]-----+
         Starting LSB: Record successful boot for GRUB...
         Starting Virtualbox guest utils...
         Starting Login Service...
         Starting Snap Daemon...
[[0;32m  OK  [0m] Started System Logging Service.
[[0;32m  OK  [0m] Started Availability of block devices.
[[0;32m  OK  [0m] Started Permit User Sessions.
[[0;32m  OK  [0m] Started Login Service.
[[0;32m  OK  [0m] Started Unattended Upgrades Shutdown.
         Starting Authorization Manager...
         Starting Hostname Service...
         Starting Terminate Plymouth Boot Screen...
         Starting Hold until boot process finishes up...
[[0;32m  OK  [0m] Started Hold until boot process finishes up.
[[0;32m  OK  [0m] Started Serial Getty on ttyS0.
         Starting Set console scheme...
[[0;32m  OK  [0m] Started Terminate Plymouth Boot Screen.
[[0;32m  OK  [0m] Started Authorization Manager.
[[0;32m  OK  [0m] Started Accounts Service.
[[0;32m  OK  [0m] Started LSB: automatic crash report generation.
[[0;32m  OK  [0m] Started Set console scheme.
[[0;32m  OK  [0m] Created slice system-getty.slice.
[[0;32m  OK  [0m] Started Getty on tty1.
[[0;32m  OK  [0m] Reached target Login Prompts.
[[0;32m  OK  [0m] Started Hostname Service.
[[0;32m  OK  [0m] Started LXD - container startup/shutdown.
[[0;32m  OK  [0m] Started LSB: Record successful boot for GRUB.
[[0;32m  OK  [0m] Started Dispatcher daemon for systemd-networkd.
[[0;32m  OK  [0m] Started Virtualbox guest utils.
[[0;32m  OK  [0m] Started Snap Daemon.
         Starting Wait until snapd is fully seeded...
         Starting Time & Date Service...
[[0;32m  OK  [0m] Started Time & Date Service.
[[0;32m  OK  [0m] Started Pollinate to seed the pseudo random number generator.
         Starting OpenBSD Secure Shell server...
[[0;32m  OK  [0m] Started OpenBSD Secure Shell server.
[[0;32m  OK  [0m] Created slice User Slice of vagrant.
         Starting User Manager for UID 1000...
[[0;32m  OK  [0m] Started Session 1 of user vagrant.
[[0;32m  OK  [0m] Started User Manager for UID 1000.
[[0;32m  OK  [0m] Started Wait until snapd is fully seeded.
         Starting Apply the settings specified in cloud-config...

Ubuntu 18.04.6 LTS ubuntu-bionic ttyS0

ubuntu-bionic login: [   22.957547] cloud-init[1569]: Cloud-init v. 23.1.2-0ubuntu0~18.04.1 running 'modules:config' at Mon, 31 Mar 2025 10:49:05 +0000. Up 21.62 seconds.
ci-info: no authorized SSH keys fingerprints found for user ubuntu.
<14>Mar 31 10:49:07 cloud-init: #############################################################
<14>Mar 31 10:49:07 cloud-init: -----BEGIN SSH HOST KEY FINGERPRINTS-----
<14>Mar 31 10:49:07 cloud-init: 1024 SHA256:UdcztTHGH90Cmuljl0fv6MgyMm9VLxIIbcy2LvR99gQ root@ubuntu-bionic (DSA)
<14>Mar 31 10:49:07 cloud-init: 256 SHA256:Rna+TSXei00wG/yz7wexemloAPM24vrSiUoJ7bCOo5I root@ubuntu-bionic (ECDSA)
<14>Mar 31 10:49:07 cloud-init: 256 SHA256:RDXmSWDHZfn6AHgmLaj6ePKNHhbocUxO/PxTSumZanU root@ubuntu-bionic (ED25519)
<14>Mar 31 10:49:07 cloud-init: 2048 SHA256:V/EF06y9SHfRIHiZ8t5SSrARmlU+5qz6lg40FqOYNRQ root@ubuntu-bionic (RSA)
<14>Mar 31 10:49:07 cloud-init: -----END SSH HOST KEY FINGERPRINTS-----
<14>Mar 31 10:49:07 cloud-init: #############################################################
-----BEGIN SSH HOST KEY KEYS-----
ecdsa-sha2-nistp256 AAAAE2VjZHNhLXNoYTItbmlzdHAyNTYAAAAIbmlzdHAyNTYAAABBBLqjzylfCID3yLjMoMmI3YPj1/xvKWMhWBUBtUFo82O4ZPCWckmgFcnUd2gLdoBFgFkQojes4qeX/4cIabPW6R4= root@ubuntu-bionic
ssh-ed25519 AAAAC3NzaC1lZDI1NTE5AAAAIJjWCZ1yZOaKy1pn/1ma9nwkzOJL2h5FgmwMBdzqK8PP root@ubuntu-bionic
ssh-rsa AAAAB3NzaC1yc2EAAAADAQABAAABAQC9pLt5v6JM86CtAnpGq9wfPt4+8sF6p4tSENKHn1gsEVJFTYfH+ZG91IquJYhcnnVgpmK1MZGCXWhrzK8JtOrhAAblsfStO3kskR/6w3vftCHapw4QYl50mA/xWfBLVgziwOAlDHVrSms2E1fRxxjWMnpg7VZtqy0man20qzZSPQJyUgvHgskD+TKWwL44keKYg/jlTvifD32SnJCgQcu7Rh1c8x5URjBcAVOHLy66fHh0enlb7dGtAXza50dsWSYAJpSUYnSPnpolqoJZjKkg1oHRdW+nSVRI9Km3laK+0/+mXQqlS7oSkYrLOvqT4MBym3eDNBd0zKNrAaeTvKE5 root@ubuntu-bionic
-----END SSH HOST KEY KEYS-----
[   24.066932] cloud-init[1698]: Cloud-init v. 23.1.2-0ubuntu0~18.04.1 running 'modules:final' at Mon, 31 Mar 2025 10:49:07 +0000. Up 23.77 seconds.
[   24.069388] cloud-init[1698]: Cloud-init v. 23.1.2-0ubuntu0~18.04.1 finished at Mon, 31 Mar 2025 10:49:07 +0000. Datasource DataSourceNoCloud [seed=/dev/sdb][dsmode=net].  Up 24.05 seconds
